
Merging program properties

Removed property 0xc0000002 to merge kernel.o (0x3) and kernel_entry.o (not found)
Removed property 0xc0000002 to merge kernel.o (not found) and Subsystems/libx.o (0x3)
Removed property 0xc0000002 to merge kernel.o (not found) and Subsystems/buddy.o (0x3)
Removed property 0xc0000002 to merge kernel.o (not found) and Subsystems/messages.o (0x3)
Removed property 0xc0000002 to merge kernel.o (not found) and Subsystems/permissions.o (0x3)
Removed property 0xc0000002 to merge kernel.o (not found) and Subsystems/shell.o (0x3)
Removed property 0xc0000002 to merge kernel.o (not found) and Subsystems/scheduler.o (0x3)
Removed property 0xc0000002 to merge kernel.o (not found) and Subsystems/syscall.o (0x3)
Removed property 0xc0000002 to merge kernel.o (not found) and Subsystems/module.o (0x3)
Removed property 0xc0000002 to merge kernel.o (not found) and Subsystems/sblock.o (0x3)
Removed property 0xc0000002 to merge kernel.o (not found) and Subsystems/idt.o (0x3)
Removed property 0xc0000002 to merge kernel.o (not found) and Subsystems/handlers.o (0x3)
Removed property 0xc0000002 to merge kernel.o (not found) and Drivers/vga.o (0x3)
Removed property 0xc0000002 to merge kernel.o (not found) and Drivers/serial.o (0x3)
Removed property 0xc0000002 to merge kernel.o (not found) and Drivers/keyboard.o (0x3)
Removed property 0xc0000002 to merge kernel.o (not found) and Drivers/timer.o (0x3)

Discarded input sections

 .comment       0x0000000000000000       0x2c kernel.o
 .note.gnu.property
                0x0000000000000000       0x20 kernel.o
 .eh_frame      0x0000000000000000       0xa8 kernel.o
 .comment       0x0000000000000000       0x2c Subsystems/libx.o
 .note.gnu.property
                0x0000000000000000       0x20 Subsystems/libx.o
 .eh_frame      0x0000000000000000      0x328 Subsystems/libx.o
 .comment       0x0000000000000000       0x2c Subsystems/buddy.o
 .note.gnu.property
                0x0000000000000000       0x20 Subsystems/buddy.o
 .eh_frame      0x0000000000000000      0x120 Subsystems/buddy.o
 .comment       0x0000000000000000       0x2c Subsystems/messages.o
 .note.gnu.property
                0x0000000000000000       0x20 Subsystems/messages.o
 .eh_frame      0x0000000000000000      0x220 Subsystems/messages.o
 .comment       0x0000000000000000       0x2c Subsystems/permissions.o
 .note.gnu.property
                0x0000000000000000       0x20 Subsystems/permissions.o
 .eh_frame      0x0000000000000000       0xd0 Subsystems/permissions.o
 .comment       0x0000000000000000       0x2c Subsystems/shell.o
 .note.gnu.property
                0x0000000000000000       0x20 Subsystems/shell.o
 .eh_frame      0x0000000000000000       0xf0 Subsystems/shell.o
 .comment       0x0000000000000000       0x2c Subsystems/scheduler.o
 .note.gnu.property
                0x0000000000000000       0x20 Subsystems/scheduler.o
 .eh_frame      0x0000000000000000      0x190 Subsystems/scheduler.o
 .comment       0x0000000000000000       0x2c Subsystems/syscall.o
 .note.gnu.property
                0x0000000000000000       0x20 Subsystems/syscall.o
 .eh_frame      0x0000000000000000      0x128 Subsystems/syscall.o
 .comment       0x0000000000000000       0x2c Subsystems/module.o
 .note.gnu.property
                0x0000000000000000       0x20 Subsystems/module.o
 .eh_frame      0x0000000000000000      0x2f8 Subsystems/module.o
 .comment       0x0000000000000000       0x2c Subsystems/sblock.o
 .note.gnu.property
                0x0000000000000000       0x20 Subsystems/sblock.o
 .eh_frame      0x0000000000000000       0xc0 Subsystems/sblock.o
 .comment       0x0000000000000000       0x2c Subsystems/idt.o
 .note.gnu.property
                0x0000000000000000       0x20 Subsystems/idt.o
 .eh_frame      0x0000000000000000       0xa0 Subsystems/idt.o
 .comment       0x0000000000000000       0x2c Subsystems/handlers.o
 .note.gnu.property
                0x0000000000000000       0x20 Subsystems/handlers.o
 .eh_frame      0x0000000000000000       0x78 Subsystems/handlers.o
 .comment       0x0000000000000000       0x2c Drivers/vga.o
 .note.gnu.property
                0x0000000000000000       0x20 Drivers/vga.o
 .eh_frame      0x0000000000000000      0x110 Drivers/vga.o
 .comment       0x0000000000000000       0x2c Drivers/serial.o
 .note.gnu.property
                0x0000000000000000       0x20 Drivers/serial.o
 .eh_frame      0x0000000000000000       0x58 Drivers/serial.o
 .comment       0x0000000000000000       0x2c Drivers/keyboard.o
 .note.gnu.property
                0x0000000000000000       0x20 Drivers/keyboard.o
 .eh_frame      0x0000000000000000       0x80 Drivers/keyboard.o
 .comment       0x0000000000000000       0x2c Drivers/timer.o
 .note.gnu.property
                0x0000000000000000       0x20 Drivers/timer.o
 .eh_frame      0x0000000000000000      0x120 Drivers/timer.o

Memory Configuration

Name             Origin             Length             Attributes
*default*        0x0000000000000000 0xffffffffffffffff

Linker script and memory map

                0x0000000000100000                . = 0x100000

.text           0x0000000000100000     0x628c
 *(.text)
 .text          0x0000000000100000       0x5e kernel_entry.o
                0x0000000000100000                _start
 *fill*         0x000000000010005e        0x2
 .text          0x0000000000100060      0x753 kernel.o
                0x00000000001000e0                kernel_main
                0x00000000001006a0                kernel_panic
 *fill*         0x00000000001007b3        0xd
 .text          0x00000000001007c0      0xb4a Subsystems/libx.o
                0x00000000001007c0                memset
                0x00000000001008e0                memcpy
                0x0000000000100a40                memmove
                0x0000000000100b80                memcmp
                0x0000000000100c40                strlen
                0x0000000000100c90                strcpy
                0x0000000000100d30                strncpy
                0x0000000000100e20                strcmp
                0x0000000000100ec0                strncmp
                0x0000000000100f80                strcat
                0x0000000000101040                strchr
                0x0000000000101080                itoa
                0x0000000000101180                uitoa
                0x0000000000101250                atoi
 *fill*         0x000000000010130a        0x6
 .text          0x0000000000101310      0x555 Subsystems/buddy.o
                0x0000000000101310                buddy_init
                0x00000000001013e0                buddy_init_e820
                0x0000000000101550                buddy_alloc
                0x0000000000101650                buddy_free
                0x0000000000101790                buddy_stats
                0x00000000001017e0                secure_region_init
                0x0000000000101810                secure_alloc
                0x0000000000101860                secure_free
 *fill*         0x0000000000101865        0xb
 .text          0x0000000000101870      0x645 Subsystems/messages.o
                0x00000000001018e0                msg_init
                0x0000000000101980                msg_alloc
                0x0000000000101ab0                msg_free
                0x0000000000101ae0                msg_send
                0x0000000000101c60                msg_send_ptr
                0x0000000000101d20                msg_receive
                0x0000000000101de0                msg_available
                0x0000000000101e10                msg_count
                0x0000000000101e40                msg_clear
 *fill*         0x0000000000101eb5        0xb
 .text          0x0000000000101ec0      0x382 Subsystems/permissions.o
                0x0000000000101ec0                perm_init
                0x0000000000101f40                perm_create_task
                0x0000000000102010                perm_destroy_task
                0x0000000000102040                perm_grant
                0x00000000001020c0                perm_revoke
                0x0000000000102140                perm_check
                0x0000000000102180                perm_get
                0x00000000001021b0                perm_inherit
                0x00000000001021f0                perm_name
 *fill*         0x0000000000102242        0xe
 .text          0x0000000000102250      0xdd0 Subsystems/shell.o
                0x0000000000102250                shell_init
                0x0000000000102310                shell_execute
                0x0000000000102e50                shell_run
 .text          0x0000000000103020      0x677 Subsystems/scheduler.o
                0x0000000000103020                scheduler_init
                0x0000000000103130                task_create_full
                0x0000000000103360                task_create_priority
                0x0000000000103380                task_create
                0x00000000001033a0                yield
                0x00000000001033b0                sleep
                0x0000000000103400                scheduler_switch
                0x00000000001035f0                task_set_priority
                0x0000000000103620                task_get_priority
                0x0000000000103640                task_set_uid
                0x0000000000103650                task_get_uid
                0x0000000000103670                exit
                0x0000000000103690                schedule
 *fill*         0x0000000000103697        0x9
 .text          0x00000000001036a0      0x393 Subsystems/syscall.o
                0x00000000001036a0                syscall_handler
                0x00000000001038b0                syscall_init
                0x00000000001038d0                write
                0x0000000000103900                read
                0x0000000000103930                getpid
                0x0000000000103950                sched_yield
                0x0000000000103970                _exit
                0x0000000000103990                sys_uptime_wrapper
                0x00000000001039b0                sys_sleep_wrapper
                0x00000000001039d0                syscall_write
                0x0000000000103a00                syscall_yield
                0x0000000000103a20                syscall_getpid
 *fill*         0x0000000000103a33        0xd
 .text          0x0000000000103a40      0x68a Subsystems/module.o
                0x0000000000103bf0                module_register
                0x0000000000103c80                module_find
                0x0000000000103ce0                module_unregister
                0x0000000000103db0                modules_init
                0x0000000000103e40                modules_list
                0x0000000000103f60                device_register
                0x0000000000103fe0                device_unregister
                0x0000000000104070                device_find
 *fill*         0x00000000001040ca        0x6
 .text          0x00000000001040d0      0x281 Subsystems/sblock.o
                0x00000000001040d0                sblock_alloc
                0x0000000000104160                sblock_free
                0x00000000001041b0                sblock_share
                0x0000000000104200                sblock_verify
                0x0000000000104290                sblock_sign
                0x0000000000104300                sblock_access
 *fill*         0x0000000000104351        0xf
 .text          0x0000000000104360      0xf43 Subsystems/idt.o
                0x0000000000104360                idt_set_gate
                0x00000000001043b0                idt_init
                0x0000000000105000                isr_exception_handler
 *fill*         0x00000000001052a3        0xd
 .text          0x00000000001052b0      0x100 Subsystems/handlers.o
                0x00000000001052b0                irq_install_handler
                0x00000000001052d0                irq_uninstall_handler
                0x00000000001052f0                irq_common_handler
                0x0000000000105360                irq_init
 .text          0x00000000001053b0      0x475 Drivers/vga.o
                0x00000000001053b0                vga_clear
                0x0000000000105430                vga_init
                0x0000000000105440                vga_set_color
                0x0000000000105460                vga_scroll
                0x00000000001054d0                vga_putc
                0x0000000000105630                vga_puts
                0x0000000000105680                vga_puti
                0x00000000001056f0                vga_putx
                0x00000000001057a0                vga_set_cursor
                0x0000000000105800                vga_get_cursor
 *fill*         0x0000000000105825        0xb
 .text          0x0000000000105830      0x108 Drivers/serial.o
                0x0000000000105830                serial_putc
                0x0000000000105850                serial_puts
                0x00000000001058a0                serial_init
 *fill*         0x0000000000105938        0x8
 .text          0x0000000000105940      0x235 Drivers/keyboard.o
                0x0000000000105940                keyboard_handler
                0x0000000000105a80                keyboard_init
                0x0000000000105ad0                keyboard_getchar
                0x0000000000105b20                keyboard_available
                0x0000000000105b50                keyboard_clear
 *fill*         0x0000000000105b75        0xb
 .text          0x0000000000105b80      0x3f3 Drivers/timer.o
                0x0000000000105b80                timer_init
                0x0000000000105cc0                timer_tick
                0x0000000000105ce0                timer_get_tsc
                0x0000000000105cf0                timer_get_freq
                0x0000000000105d00                timer_get_ticks
                0x0000000000105d10                timer_get_ns
                0x0000000000105d60                timer_get_us
                0x0000000000105db0                timer_get_ms
                0x0000000000105df0                timer_get_sec
                0x0000000000105e50                timer_delay_ns
                0x0000000000105ec0                timer_delay_us
                0x0000000000105f30                timer_delay_ms
 *fill*         0x0000000000105f73        0xd
 .text          0x0000000000105f80      0x2dc Subsystems/interrupts.o
                0x0000000000105f80                isr0
                0x0000000000105f8a                isr1
                0x0000000000105f94                isr2
                0x0000000000105f9e                isr3
                0x0000000000105fa8                isr4
                0x0000000000105fb2                isr5
                0x0000000000105fbc                isr6
                0x0000000000105fc6                isr7
                0x0000000000105fd0                isr8
                0x0000000000105fd8                isr9
                0x0000000000105fe2                isr10
                0x0000000000105fea                isr11
                0x0000000000105ff2                isr12
                0x0000000000105ffa                isr13
                0x0000000000106002                isr14
                0x000000000010600a                isr15
                0x0000000000106014                isr16
                0x000000000010601e                isr17
                0x0000000000106026                isr18
                0x0000000000106030                isr19
                0x000000000010603a                isr20
                0x0000000000106044                isr21
                0x000000000010604e                isr22
                0x0000000000106058                isr23
                0x0000000000106062                isr24
                0x000000000010606c                isr25
                0x0000000000106076                isr26
                0x0000000000106080                isr27
                0x000000000010608a                isr28
                0x0000000000106094                isr29
                0x000000000010609e                isr30
                0x00000000001060a6                isr31
                0x00000000001060b0                irq0
                0x00000000001060ba                irq1
                0x00000000001060c4                irq2
                0x00000000001060ce                irq3
                0x00000000001060d8                irq4
                0x00000000001060e2                irq5
                0x00000000001060ec                irq6
                0x00000000001060f6                irq7
                0x0000000000106100                irq8
                0x000000000010610a                irq9
                0x0000000000106114                irq10
                0x000000000010611e                irq11
                0x0000000000106128                irq12
                0x0000000000106132                irq13
                0x000000000010613c                irq14
                0x0000000000106146                irq15
                0x0000000000106150                isr128
 *(.text.*)
 .text.unlikely
                0x000000000010625c       0x30 Subsystems/libx.o

.iplt           0x000000000010628c        0x0
 .iplt          0x000000000010628c        0x0 kernel_entry.o

.rodata         0x0000000000107000     0x1682
 *(.rodata)
 .rodata        0x0000000000107000       0x80 Subsystems/permissions.o
 .rodata        0x0000000000107080       0x10 Subsystems/scheduler.o
 .rodata        0x0000000000107090      0x328 Subsystems/syscall.o
 *fill*         0x00000000001073b8        0x8
 .rodata        0x00000000001073c0      0x100 Drivers/keyboard.o
 *(.rodata.*)
 .rodata.str1.1
                0x00000000001074c0      0xa35 kernel.o
                                        0x29d (size before relaxing)
 *fill*         0x0000000000107ef5        0x3
 .rodata.str1.8
                0x0000000000107ef8      0x783 kernel.o
                                        0x291 (size before relaxing)
 .rodata.str1.1
                0x000000000010867b       0x6c Subsystems/libx.o
 .rodata.str1.8
                0x000000000010867b       0xc5 Subsystems/libx.o
 .rodata.str1.1
                0x000000000010867b       0x30 Subsystems/buddy.o
 .rodata.str1.8
                0x000000000010867b       0x6e Subsystems/buddy.o
 .rodata.str1.1
                0x000000000010867b       0xcc Subsystems/permissions.o
 .rodata.str1.8
                0x000000000010867b       0x1f Subsystems/permissions.o
 .rodata.str1.1
                0x000000000010867b      0x28a Subsystems/shell.o
 .rodata.str1.8
                0x000000000010867b      0x284 Subsystems/shell.o
 .rodata.str1.1
                0x000000000010867b       0x2f Subsystems/scheduler.o
 .rodata.str1.8
                0x000000000010867b       0x55 Subsystems/scheduler.o
 *fill*         0x000000000010867b        0x1
 .rodata.cst2   0x000000000010867c        0x6 Subsystems/scheduler.o
                                          0x2 (size before relaxing)
 .rodata.str1.8
                0x0000000000108682       0x31 Subsystems/syscall.o
 .rodata.str1.8
                0x0000000000108682       0x51 Subsystems/module.o
 .rodata.str1.1
                0x0000000000108682       0x7d Subsystems/module.o
 .rodata.cst2   0x0000000000108682        0x2 Subsystems/sblock.o
 .rodata.str1.1
                0x0000000000108682      0x30d Subsystems/idt.o
 .rodata.cst2   0x0000000000108682        0x2 Subsystems/idt.o
 .rodata.str1.1
                0x0000000000108682        0x3 Drivers/vga.o
 .rodata.str1.8
                0x0000000000108682       0x23 Drivers/serial.o
 .rodata.str1.1
                0x0000000000108682       0x21 Drivers/timer.o

.rela.dyn       0x0000000000108688        0x0
 .rela.got      0x0000000000108688        0x0 kernel_entry.o
 .rela.iplt     0x0000000000108688        0x0 kernel_entry.o
 .rela.text     0x0000000000108688        0x0 kernel_entry.o

.data           0x0000000000109000      0x141
 *(.data)
 .data          0x0000000000109000       0x22 kernel_entry.o
 .data          0x0000000000109022        0x0 kernel.o
 .data          0x0000000000109022        0x0 Subsystems/libx.o
 .data          0x0000000000109022        0x0 Subsystems/buddy.o
 .data          0x0000000000109022        0x0 Subsystems/messages.o
 .data          0x0000000000109022        0x0 Subsystems/permissions.o
 *fill*         0x0000000000109022        0x6
 .data          0x0000000000109028        0x8 Subsystems/shell.o
                0x0000000000109028                kernel_end_marker
 .data          0x0000000000109030        0x0 Subsystems/scheduler.o
 .data          0x0000000000109030        0x0 Subsystems/syscall.o
 .data          0x0000000000109030        0x0 Subsystems/module.o
 .data          0x0000000000109030        0x0 Subsystems/sblock.o
 *fill*         0x0000000000109030       0x10
 .data          0x0000000000109040      0x100 Subsystems/idt.o
                0x0000000000109040                exception_messages
 .data          0x0000000000109140        0x0 Subsystems/handlers.o
 .data          0x0000000000109140        0x1 Drivers/vga.o
 .data          0x0000000000109141        0x0 Drivers/serial.o
 .data          0x0000000000109141        0x0 Drivers/keyboard.o
 .data          0x0000000000109141        0x0 Drivers/timer.o
 *(.data.*)

.got            0x0000000000109148        0x0
 .got           0x0000000000109148        0x0 kernel_entry.o

.got.plt        0x0000000000109148        0x0
 .got.plt       0x0000000000109148        0x0 kernel_entry.o

.igot.plt       0x0000000000109148        0x0
 .igot.plt      0x0000000000109148        0x0 kernel_entry.o

.bss            0x000000000010a000     0x2640
 *(COMMON)
 *(.bss)
 .bss           0x000000000010a000        0x0 kernel.o
 .bss           0x000000000010a000        0x0 Subsystems/libx.o
 .bss           0x000000000010a000       0xc0 Subsystems/buddy.o
                0x000000000010a000                g_secure_base
                0x000000000010a008                g_heap_size
                0x000000000010a010                g_heap_base
                0x000000000010a018                g_total_memory
 .bss           0x000000000010a0c0      0x248 Subsystems/messages.o
 *fill*         0x000000000010a308       0x18
 .bss           0x000000000010a320      0x820 Subsystems/permissions.o
 .bss           0x000000000010ab40      0x8c0 Subsystems/shell.o
 .bss           0x000000000010b400       0x18 Subsystems/scheduler.o
                0x000000000010b400                current_task
 .bss           0x000000000010b418        0x0 Subsystems/syscall.o
 .bss           0x000000000010b418       0x10 Subsystems/module.o
 .bss           0x000000000010b428        0x0 Subsystems/sblock.o
 *fill*         0x000000000010b428       0x18
 .bss           0x000000000010b440     0x1020 Subsystems/idt.o
 .bss           0x000000000010c460       0x80 Subsystems/handlers.o
 .bss           0x000000000010c4e0        0x8 Drivers/vga.o
 .bss           0x000000000010c4e8        0x0 Drivers/serial.o
 *fill*         0x000000000010c4e8       0x18
 .bss           0x000000000010c500      0x120 Drivers/keyboard.o
 .bss           0x000000000010c620       0x20 Drivers/timer.o
 *(.bss.*)
                0x000000000010d000                . = ALIGN (0x1000)
                0x000000000010d000                _kernel_end = .

/DISCARD/
 *(.eh_frame)
 *(.comment)
LOAD kernel_entry.o
LOAD kernel.o
LOAD Subsystems/libx.o
LOAD Subsystems/buddy.o
LOAD Subsystems/messages.o
LOAD Subsystems/permissions.o
LOAD Subsystems/shell.o
LOAD Subsystems/scheduler.o
LOAD Subsystems/syscall.o
LOAD Subsystems/module.o
LOAD Subsystems/sblock.o
LOAD Subsystems/idt.o
LOAD Subsystems/handlers.o
LOAD Drivers/vga.o
LOAD Drivers/serial.o
LOAD Drivers/keyboard.o
LOAD Drivers/timer.o
LOAD Subsystems/interrupts.o
OUTPUT(x64kernel.elf elf64-x86-64)

.note.GNU-stack
                0x0000000000000000        0x0
 .note.GNU-stack
                0x0000000000000000        0x0 kernel_entry.o
 .note.GNU-stack
                0x0000000000000000        0x0 kernel.o
 .note.GNU-stack
                0x0000000000000000        0x0 Subsystems/libx.o
 .note.GNU-stack
                0x0000000000000000        0x0 Subsystems/buddy.o
 .note.GNU-stack
                0x0000000000000000        0x0 Subsystems/messages.o
 .note.GNU-stack
                0x0000000000000000        0x0 Subsystems/permissions.o
 .note.GNU-stack
                0x0000000000000000        0x0 Subsystems/shell.o
 .note.GNU-stack
                0x0000000000000000        0x0 Subsystems/scheduler.o
 .note.GNU-stack
                0x0000000000000000        0x0 Subsystems/syscall.o
 .note.GNU-stack
                0x0000000000000000        0x0 Subsystems/module.o
 .note.GNU-stack
                0x0000000000000000        0x0 Subsystems/sblock.o
 .note.GNU-stack
                0x0000000000000000        0x0 Subsystems/idt.o
 .note.GNU-stack
                0x0000000000000000        0x0 Subsystems/handlers.o
 .note.GNU-stack
                0x0000000000000000        0x0 Drivers/vga.o
 .note.GNU-stack
                0x0000000000000000        0x0 Drivers/serial.o
 .note.GNU-stack
                0x0000000000000000        0x0 Drivers/keyboard.o
 .note.GNU-stack
                0x0000000000000000        0x0 Drivers/timer.o
 .note.GNU-stack
                0x0000000000000000        0x0 Subsystems/interrupts.o
