
Merging program properties

Removed property 0xc0000002 to merge kernel.o (0x3) and kernel_entry.o (not found)
Removed property 0xc0000002 to merge kernel.o (not found) and Subsystems/libx.o (0x3)
Removed property 0xc0000002 to merge kernel.o (not found) and Subsystems/buddy.o (0x3)
Removed property 0xc0000002 to merge kernel.o (not found) and Subsystems/messages.o (0x3)
Removed property 0xc0000002 to merge kernel.o (not found) and Subsystems/permissions.o (0x3)
Removed property 0xc0000002 to merge kernel.o (not found) and Subsystems/shell.o (0x3)
Removed property 0xc0000002 to merge kernel.o (not found) and Subsystems/scheduler.o (0x3)
Removed property 0xc0000002 to merge kernel.o (not found) and Subsystems/syscall.o (0x3)
Removed property 0xc0000002 to merge kernel.o (not found) and Subsystems/module.o (0x3)
Removed property 0xc0000002 to merge kernel.o (not found) and Subsystems/sblock.o (0x3)
Removed property 0xc0000002 to merge kernel.o (not found) and Subsystems/idt.o (0x3)
Removed property 0xc0000002 to merge kernel.o (not found) and Subsystems/handlers.o (0x3)
Removed property 0xc0000002 to merge kernel.o (not found) and Drivers/vga.o (0x3)
Removed property 0xc0000002 to merge kernel.o (not found) and Drivers/serial.o (0x3)
Removed property 0xc0000002 to merge kernel.o (not found) and Drivers/keyboard.o (0x3)
Removed property 0xc0000002 to merge kernel.o (not found) and Drivers/timer.o (0x3)

Discarded input sections

 .comment       0x0000000000000000       0x2c kernel.o
 .note.gnu.property
                0x0000000000000000       0x20 kernel.o
 .eh_frame      0x0000000000000000       0xa8 kernel.o
 .comment       0x0000000000000000       0x2c Subsystems/libx.o
 .note.gnu.property
                0x0000000000000000       0x20 Subsystems/libx.o
 .eh_frame      0x0000000000000000      0x328 Subsystems/libx.o
 .comment       0x0000000000000000       0x2c Subsystems/buddy.o
 .note.gnu.property
                0x0000000000000000       0x20 Subsystems/buddy.o
 .eh_frame      0x0000000000000000      0x120 Subsystems/buddy.o
 .comment       0x0000000000000000       0x2c Subsystems/messages.o
 .note.gnu.property
                0x0000000000000000       0x20 Subsystems/messages.o
 .eh_frame      0x0000000000000000      0x220 Subsystems/messages.o
 .comment       0x0000000000000000       0x2c Subsystems/permissions.o
 .note.gnu.property
                0x0000000000000000       0x20 Subsystems/permissions.o
 .eh_frame      0x0000000000000000       0xd0 Subsystems/permissions.o
 .comment       0x0000000000000000       0x2c Subsystems/shell.o
 .note.gnu.property
                0x0000000000000000       0x20 Subsystems/shell.o
 .eh_frame      0x0000000000000000      0x140 Subsystems/shell.o
 .comment       0x0000000000000000       0x2c Subsystems/scheduler.o
 .note.gnu.property
                0x0000000000000000       0x20 Subsystems/scheduler.o
 .eh_frame      0x0000000000000000      0x190 Subsystems/scheduler.o
 .comment       0x0000000000000000       0x2c Subsystems/syscall.o
 .note.gnu.property
                0x0000000000000000       0x20 Subsystems/syscall.o
 .eh_frame      0x0000000000000000      0x128 Subsystems/syscall.o
 .comment       0x0000000000000000       0x2c Subsystems/module.o
 .note.gnu.property
                0x0000000000000000       0x20 Subsystems/module.o
 .eh_frame      0x0000000000000000      0x2f8 Subsystems/module.o
 .comment       0x0000000000000000       0x2c Subsystems/sblock.o
 .note.gnu.property
                0x0000000000000000       0x20 Subsystems/sblock.o
 .eh_frame      0x0000000000000000       0xc0 Subsystems/sblock.o
 .comment       0x0000000000000000       0x2c Subsystems/idt.o
 .note.gnu.property
                0x0000000000000000       0x20 Subsystems/idt.o
 .eh_frame      0x0000000000000000       0xa0 Subsystems/idt.o
 .comment       0x0000000000000000       0x2c Subsystems/handlers.o
 .note.gnu.property
                0x0000000000000000       0x20 Subsystems/handlers.o
 .eh_frame      0x0000000000000000       0x78 Subsystems/handlers.o
 .comment       0x0000000000000000       0x2c Drivers/vga.o
 .note.gnu.property
                0x0000000000000000       0x20 Drivers/vga.o
 .eh_frame      0x0000000000000000      0x110 Drivers/vga.o
 .comment       0x0000000000000000       0x2c Drivers/serial.o
 .note.gnu.property
                0x0000000000000000       0x20 Drivers/serial.o
 .eh_frame      0x0000000000000000       0x58 Drivers/serial.o
 .comment       0x0000000000000000       0x2c Drivers/keyboard.o
 .note.gnu.property
                0x0000000000000000       0x20 Drivers/keyboard.o
 .eh_frame      0x0000000000000000       0x80 Drivers/keyboard.o
 .comment       0x0000000000000000       0x2c Drivers/timer.o
 .note.gnu.property
                0x0000000000000000       0x20 Drivers/timer.o
 .eh_frame      0x0000000000000000      0x120 Drivers/timer.o

Memory Configuration

Name             Origin             Length             Attributes
*default*        0x0000000000000000 0xffffffffffffffff

Linker script and memory map

                0x0000000000100000                . = 0x100000

.text           0x0000000000100000     0x632c
 *(.text)
 .text          0x0000000000100000       0x5e kernel_entry.o
                0x0000000000100000                _start
 *fill*         0x000000000010005e        0x2
 .text          0x0000000000100060      0x613 kernel.o
                0x00000000001000e0                kernel_main
                0x0000000000100560                kernel_panic
 *fill*         0x0000000000100673        0xd
 .text          0x0000000000100680      0xb4a Subsystems/libx.o
                0x0000000000100680                memset
                0x00000000001007a0                memcpy
                0x0000000000100900                memmove
                0x0000000000100a40                memcmp
                0x0000000000100b00                strlen
                0x0000000000100b50                strcpy
                0x0000000000100bf0                strncpy
                0x0000000000100ce0                strcmp
                0x0000000000100d80                strncmp
                0x0000000000100e40                strcat
                0x0000000000100f00                strchr
                0x0000000000100f40                itoa
                0x0000000000101040                uitoa
                0x0000000000101110                atoi
 *fill*         0x00000000001011ca        0x6
 .text          0x00000000001011d0      0x555 Subsystems/buddy.o
                0x00000000001011d0                buddy_init
                0x00000000001012a0                buddy_init_e820
                0x0000000000101410                buddy_alloc
                0x0000000000101510                buddy_free
                0x0000000000101650                buddy_stats
                0x00000000001016a0                secure_region_init
                0x00000000001016d0                secure_alloc
                0x0000000000101720                secure_free
 *fill*         0x0000000000101725        0xb
 .text          0x0000000000101730      0x645 Subsystems/messages.o
                0x00000000001017a0                msg_init
                0x0000000000101840                msg_alloc
                0x0000000000101970                msg_free
                0x00000000001019a0                msg_send
                0x0000000000101b20                msg_send_ptr
                0x0000000000101be0                msg_receive
                0x0000000000101ca0                msg_available
                0x0000000000101cd0                msg_count
                0x0000000000101d00                msg_clear
 *fill*         0x0000000000101d75        0xb
 .text          0x0000000000101d80      0x382 Subsystems/permissions.o
                0x0000000000101d80                perm_init
                0x0000000000101e00                perm_create_task
                0x0000000000101ed0                perm_destroy_task
                0x0000000000101f00                perm_grant
                0x0000000000101f80                perm_revoke
                0x0000000000102000                perm_check
                0x0000000000102040                perm_get
                0x0000000000102070                perm_inherit
                0x00000000001020b0                perm_name
 *fill*         0x0000000000102102        0xe
 .text          0x0000000000102110      0xfb0 Subsystems/shell.o
                0x00000000001022c0                shell_init
                0x0000000000102380                shell_execute
                0x0000000000102ee0                shell_run
 .text          0x00000000001030c0      0x677 Subsystems/scheduler.o
                0x00000000001030c0                scheduler_init
                0x00000000001031d0                task_create_full
                0x0000000000103400                task_create_priority
                0x0000000000103420                task_create
                0x0000000000103440                yield
                0x0000000000103450                sleep
                0x00000000001034a0                scheduler_switch
                0x0000000000103690                task_set_priority
                0x00000000001036c0                task_get_priority
                0x00000000001036e0                task_set_uid
                0x00000000001036f0                task_get_uid
                0x0000000000103710                exit
                0x0000000000103730                schedule
 *fill*         0x0000000000103737        0x9
 .text          0x0000000000103740      0x393 Subsystems/syscall.o
                0x0000000000103740                syscall_handler
                0x0000000000103950                syscall_init
                0x0000000000103970                write
                0x00000000001039a0                read
                0x00000000001039d0                getpid
                0x00000000001039f0                sched_yield
                0x0000000000103a10                _exit
                0x0000000000103a30                sys_uptime_wrapper
                0x0000000000103a50                sys_sleep_wrapper
                0x0000000000103a70                syscall_write
                0x0000000000103aa0                syscall_yield
                0x0000000000103ac0                syscall_getpid
 *fill*         0x0000000000103ad3        0xd
 .text          0x0000000000103ae0      0x68a Subsystems/module.o
                0x0000000000103c90                module_register
                0x0000000000103d20                module_find
                0x0000000000103d80                module_unregister
                0x0000000000103e50                modules_init
                0x0000000000103ee0                modules_list
                0x0000000000104000                device_register
                0x0000000000104080                device_unregister
                0x0000000000104110                device_find
 *fill*         0x000000000010416a        0x6
 .text          0x0000000000104170      0x281 Subsystems/sblock.o
                0x0000000000104170                sblock_alloc
                0x0000000000104200                sblock_free
                0x0000000000104250                sblock_share
                0x00000000001042a0                sblock_verify
                0x0000000000104330                sblock_sign
                0x00000000001043a0                sblock_access
 *fill*         0x00000000001043f1        0xf
 .text          0x0000000000104400      0xf43 Subsystems/idt.o
                0x0000000000104400                idt_set_gate
                0x0000000000104450                idt_init
                0x00000000001050a0                isr_exception_handler
 *fill*         0x0000000000105343        0xd
 .text          0x0000000000105350      0x100 Subsystems/handlers.o
                0x0000000000105350                irq_install_handler
                0x0000000000105370                irq_uninstall_handler
                0x0000000000105390                irq_common_handler
                0x0000000000105400                irq_init
 .text          0x0000000000105450      0x475 Drivers/vga.o
                0x0000000000105450                vga_clear
                0x00000000001054d0                vga_init
                0x00000000001054e0                vga_set_color
                0x0000000000105500                vga_scroll
                0x0000000000105570                vga_putc
                0x00000000001056d0                vga_puts
                0x0000000000105720                vga_puti
                0x0000000000105790                vga_putx
                0x0000000000105840                vga_set_cursor
                0x00000000001058a0                vga_get_cursor
 *fill*         0x00000000001058c5        0xb
 .text          0x00000000001058d0      0x108 Drivers/serial.o
                0x00000000001058d0                serial_putc
                0x00000000001058f0                serial_puts
                0x0000000000105940                serial_init
 *fill*         0x00000000001059d8        0x8
 .text          0x00000000001059e0      0x235 Drivers/keyboard.o
                0x00000000001059e0                keyboard_handler
                0x0000000000105b20                keyboard_init
                0x0000000000105b70                keyboard_getchar
                0x0000000000105bc0                keyboard_available
                0x0000000000105bf0                keyboard_clear
 *fill*         0x0000000000105c15        0xb
 .text          0x0000000000105c20      0x3f3 Drivers/timer.o
                0x0000000000105c20                timer_init
                0x0000000000105d60                timer_tick
                0x0000000000105d80                timer_get_tsc
                0x0000000000105d90                timer_get_freq
                0x0000000000105da0                timer_get_ticks
                0x0000000000105db0                timer_get_ns
                0x0000000000105e00                timer_get_us
                0x0000000000105e50                timer_get_ms
                0x0000000000105e90                timer_get_sec
                0x0000000000105ef0                timer_delay_ns
                0x0000000000105f60                timer_delay_us
                0x0000000000105fd0                timer_delay_ms
 *fill*         0x0000000000106013        0xd
 .text          0x0000000000106020      0x2dc Subsystems/interrupts.o
                0x0000000000106020                isr0
                0x000000000010602a                isr1
                0x0000000000106034                isr2
                0x000000000010603e                isr3
                0x0000000000106048                isr4
                0x0000000000106052                isr5
                0x000000000010605c                isr6
                0x0000000000106066                isr7
                0x0000000000106070                isr8
                0x0000000000106078                isr9
                0x0000000000106082                isr10
                0x000000000010608a                isr11
                0x0000000000106092                isr12
                0x000000000010609a                isr13
                0x00000000001060a2                isr14
                0x00000000001060aa                isr15
                0x00000000001060b4                isr16
                0x00000000001060be                isr17
                0x00000000001060c6                isr18
                0x00000000001060d0                isr19
                0x00000000001060da                isr20
                0x00000000001060e4                isr21
                0x00000000001060ee                isr22
                0x00000000001060f8                isr23
                0x0000000000106102                isr24
                0x000000000010610c                isr25
                0x0000000000106116                isr26
                0x0000000000106120                isr27
                0x000000000010612a                isr28
                0x0000000000106134                isr29
                0x000000000010613e                isr30
                0x0000000000106146                isr31
                0x0000000000106150                irq0
                0x000000000010615a                irq1
                0x0000000000106164                irq2
                0x000000000010616e                irq3
                0x0000000000106178                irq4
                0x0000000000106182                irq5
                0x000000000010618c                irq6
                0x0000000000106196                irq7
                0x00000000001061a0                irq8
                0x00000000001061aa                irq9
                0x00000000001061b4                irq10
                0x00000000001061be                irq11
                0x00000000001061c8                irq12
                0x00000000001061d2                irq13
                0x00000000001061dc                irq14
                0x00000000001061e6                irq15
                0x00000000001061f0                isr128
 *(.text.*)
 .text.unlikely
                0x00000000001062fc       0x30 Subsystems/libx.o

.iplt           0x000000000010632c        0x0
 .iplt          0x000000000010632c        0x0 kernel_entry.o

.rodata         0x0000000000107000     0x169a
 *(.rodata)
 .rodata        0x0000000000107000       0x80 Subsystems/permissions.o
 .rodata        0x0000000000107080       0x10 Subsystems/scheduler.o
 .rodata        0x0000000000107090      0x328 Subsystems/syscall.o
 *fill*         0x00000000001073b8        0x8
 .rodata        0x00000000001073c0      0x100 Drivers/keyboard.o
 *(.rodata.*)
 .rodata.str1.1
                0x00000000001074c0      0xadf kernel.o
                                        0x29d (size before relaxing)
 *fill*         0x0000000000107f9f        0x1
 .rodata.str1.8
                0x0000000000107fa0      0x6f3 kernel.o
                                        0x189 (size before relaxing)
 .rodata.str1.1
                0x0000000000108693       0x6c Subsystems/libx.o
 .rodata.str1.8
                0x0000000000108693       0xc5 Subsystems/libx.o
 .rodata.str1.1
                0x0000000000108693       0x30 Subsystems/buddy.o
 .rodata.str1.8
                0x0000000000108693       0x6e Subsystems/buddy.o
 .rodata.str1.1
                0x0000000000108693       0xcc Subsystems/permissions.o
 .rodata.str1.8
                0x0000000000108693       0x1f Subsystems/permissions.o
 .rodata.str1.1
                0x0000000000108693      0x334 Subsystems/shell.o
 .rodata.str1.8
                0x0000000000108693      0x2fc Subsystems/shell.o
 .rodata.str1.1
                0x0000000000108693       0x2f Subsystems/scheduler.o
 .rodata.str1.8
                0x0000000000108693       0x55 Subsystems/scheduler.o
 *fill*         0x0000000000108693        0x1
 .rodata.cst2   0x0000000000108694        0x6 Subsystems/scheduler.o
                                          0x2 (size before relaxing)
 .rodata.str1.8
                0x000000000010869a       0x31 Subsystems/syscall.o
 .rodata.str1.8
                0x000000000010869a       0x51 Subsystems/module.o
 .rodata.str1.1
                0x000000000010869a       0x7d Subsystems/module.o
 .rodata.cst2   0x000000000010869a        0x2 Subsystems/sblock.o
 .rodata.str1.1
                0x000000000010869a      0x30d Subsystems/idt.o
 .rodata.cst2   0x000000000010869a        0x2 Subsystems/idt.o
 .rodata.str1.1
                0x000000000010869a        0x3 Drivers/vga.o
 .rodata.str1.8
                0x000000000010869a       0x23 Drivers/serial.o
 .rodata.str1.1
                0x000000000010869a       0x21 Drivers/timer.o

.rela.dyn       0x00000000001086a0        0x0
 .rela.got      0x00000000001086a0        0x0 kernel_entry.o
 .rela.iplt     0x00000000001086a0        0x0 kernel_entry.o
 .rela.text     0x00000000001086a0        0x0 kernel_entry.o

.data           0x0000000000109000      0x141
 *(.data)
 .data          0x0000000000109000       0x22 kernel_entry.o
 .data          0x0000000000109022        0x0 kernel.o
 .data          0x0000000000109022        0x0 Subsystems/libx.o
 .data          0x0000000000109022        0x0 Subsystems/buddy.o
 .data          0x0000000000109022        0x0 Subsystems/messages.o
 .data          0x0000000000109022        0x0 Subsystems/permissions.o
 *fill*         0x0000000000109022        0x6
 .data          0x0000000000109028        0x8 Subsystems/shell.o
                0x0000000000109028                kernel_end_marker
 .data          0x0000000000109030        0x0 Subsystems/scheduler.o
 .data          0x0000000000109030        0x0 Subsystems/syscall.o
 .data          0x0000000000109030        0x0 Subsystems/module.o
 .data          0x0000000000109030        0x0 Subsystems/sblock.o
 *fill*         0x0000000000109030       0x10
 .data          0x0000000000109040      0x100 Subsystems/idt.o
                0x0000000000109040                exception_messages
 .data          0x0000000000109140        0x0 Subsystems/handlers.o
 .data          0x0000000000109140        0x1 Drivers/vga.o
 .data          0x0000000000109141        0x0 Drivers/serial.o
 .data          0x0000000000109141        0x0 Drivers/keyboard.o
 .data          0x0000000000109141        0x0 Drivers/timer.o
 *(.data.*)

.got            0x0000000000109148        0x0
 .got           0x0000000000109148        0x0 kernel_entry.o

.got.plt        0x0000000000109148        0x0
 .got.plt       0x0000000000109148        0x0 kernel_entry.o

.igot.plt       0x0000000000109148        0x0
 .igot.plt      0x0000000000109148        0x0 kernel_entry.o

.bss            0x000000000010a000     0x2640
 *(COMMON)
 *(.bss)
 .bss           0x000000000010a000        0x0 kernel.o
 .bss           0x000000000010a000        0x0 Subsystems/libx.o
 .bss           0x000000000010a000       0xc0 Subsystems/buddy.o
                0x000000000010a000                g_secure_base
                0x000000000010a008                g_heap_size
                0x000000000010a010                g_heap_base
                0x000000000010a018                g_total_memory
 .bss           0x000000000010a0c0      0x248 Subsystems/messages.o
 *fill*         0x000000000010a308       0x18
 .bss           0x000000000010a320      0x820 Subsystems/permissions.o
 .bss           0x000000000010ab40      0x8c0 Subsystems/shell.o
 .bss           0x000000000010b400       0x18 Subsystems/scheduler.o
                0x000000000010b400                current_task
 .bss           0x000000000010b418        0x0 Subsystems/syscall.o
 .bss           0x000000000010b418       0x10 Subsystems/module.o
 .bss           0x000000000010b428        0x0 Subsystems/sblock.o
 *fill*         0x000000000010b428       0x18
 .bss           0x000000000010b440     0x1020 Subsystems/idt.o
 .bss           0x000000000010c460       0x80 Subsystems/handlers.o
 .bss           0x000000000010c4e0        0x8 Drivers/vga.o
 .bss           0x000000000010c4e8        0x0 Drivers/serial.o
 *fill*         0x000000000010c4e8       0x18
 .bss           0x000000000010c500      0x120 Drivers/keyboard.o
 .bss           0x000000000010c620       0x20 Drivers/timer.o
 *(.bss.*)
                0x000000000010d000                . = ALIGN (0x1000)
                0x000000000010d000                _kernel_end = .

/DISCARD/
 *(.eh_frame)
 *(.comment)
LOAD kernel_entry.o
LOAD kernel.o
LOAD Subsystems/libx.o
LOAD Subsystems/buddy.o
LOAD Subsystems/messages.o
LOAD Subsystems/permissions.o
LOAD Subsystems/shell.o
LOAD Subsystems/scheduler.o
LOAD Subsystems/syscall.o
LOAD Subsystems/module.o
LOAD Subsystems/sblock.o
LOAD Subsystems/idt.o
LOAD Subsystems/handlers.o
LOAD Drivers/vga.o
LOAD Drivers/serial.o
LOAD Drivers/keyboard.o
LOAD Drivers/timer.o
LOAD Subsystems/interrupts.o
OUTPUT(x64kernel.elf elf64-x86-64)

.note.GNU-stack
                0x0000000000000000        0x0
 .note.GNU-stack
                0x0000000000000000        0x0 kernel_entry.o
 .note.GNU-stack
                0x0000000000000000        0x0 kernel.o
 .note.GNU-stack
                0x0000000000000000        0x0 Subsystems/libx.o
 .note.GNU-stack
                0x0000000000000000        0x0 Subsystems/buddy.o
 .note.GNU-stack
                0x0000000000000000        0x0 Subsystems/messages.o
 .note.GNU-stack
                0x0000000000000000        0x0 Subsystems/permissions.o
 .note.GNU-stack
                0x0000000000000000        0x0 Subsystems/shell.o
 .note.GNU-stack
                0x0000000000000000        0x0 Subsystems/scheduler.o
 .note.GNU-stack
                0x0000000000000000        0x0 Subsystems/syscall.o
 .note.GNU-stack
                0x0000000000000000        0x0 Subsystems/module.o
 .note.GNU-stack
                0x0000000000000000        0x0 Subsystems/sblock.o
 .note.GNU-stack
                0x0000000000000000        0x0 Subsystems/idt.o
 .note.GNU-stack
                0x0000000000000000        0x0 Subsystems/handlers.o
 .note.GNU-stack
                0x0000000000000000        0x0 Drivers/vga.o
 .note.GNU-stack
                0x0000000000000000        0x0 Drivers/serial.o
 .note.GNU-stack
                0x0000000000000000        0x0 Drivers/keyboard.o
 .note.GNU-stack
                0x0000000000000000        0x0 Drivers/timer.o
 .note.GNU-stack
                0x0000000000000000        0x0 Subsystems/interrupts.o
